22:39:39 **** Incremental Build of configuration Debug for project CG2028_AY2324S1_Assign1 ****
make -j8 all 
arm-none-eabi-gcc "../Src/main.c" -mcpu=cortex-m4 -std=gnu11 -g3 -DSTM32L4 -DSTM32 -DDEBUG -DSTM32L475VGTx -c -I../Inc -O0 -ffunction-sections -fdata-sections -Wall -fstack-usage -MMD -MP -MF"Src/main.d" -MT"Src/main.o" --specs=nano.specs -mfpu=fpv4-sp-d16 -mfloat-abi=hard -mthumb -o "Src/main.o"
arm-none-eabi-gcc -o "CG2028_AY2324S1_Assign1.elf" @"objects.list"  -lrdimon -mcpu=cortex-m4 -T"D:\CG2028Labs\Labs\CG2028_AY2324S1_Assign1\CG2028_AY2324S1_Assign1\STM32L475VGTX_FLASH.ld" --specs=nosys.specs -Wl,-Map="CG2028_AY2324S1_Assign1.map" -Wl,--gc-sections -static -specs=rdimon.specs --specs=nano.specs -mfpu=fpv4-sp-d16 -mfloat-abi=hard -mthumb -u _printf_float -Wl,--start-group -lc -lm -Wl,--end-group
Finished building target: CG2028_AY2324S1_Assign1.elf
 
arm-none-eabi-size   CG2028_AY2324S1_Assign1.elf 
arm-none-eabi-objdump -h -S  CG2028_AY2324S1_Assign1.elf  > "CG2028_AY2324S1_Assign1.list"
   text	   data	    bss	    dec	    hex	filename
  17408	    480	   1760	  19648	   4cc0	CG2028_AY2324S1_Assign1.elf
Finished building: default.size.stdout
 
Finished building: CG2028_AY2324S1_Assign1.list
 

22:39:40 Build Finished. 0 errors, 0 warnings. (took 1s.601ms)

